c:\st\stm32cubeide_1.11.2\stm32cubeide\plugins\com.st.stm32cube.ide.mcu.externaltools.gnu-tools-for-stm32.10.3-2021.10.win32_1.0.100.202210260954\tools\bin\../lib/gcc/arm-none-eabi/10.3.1/../../../../arm-none-eabi/include/c++/10.3.1/arm-none-eabi/thumb/v7-m/nofp/bits/gthr-default.h:229:1:int __gthread_key_delete(__gthread_key_t)	16	static
../Core/Src/main.cpp:108:5:int main()	24	static
../Core/Src/main.cpp:292:6:void SystemClock_Config()	88	static
../Core/Src/main.cpp:341:13:void MX_ADC1_Init()	24	static
../Core/Src/main.cpp:388:13:void MX_RTC_Init()	8	static
../Core/Src/main.cpp:419:13:void MX_SPI1_Init()	8	static
../Core/Src/main.cpp:457:13:void MX_USART1_UART_Init()	8	static
../Core/Src/main.cpp:490:13:void MX_USART2_UART_Init()	8	static
../Core/Src/main.cpp:521:13:void MX_DMA_Init()	16	static
../Core/Src/main.cpp:554:13:void MX_GPIO_Init()	40	static
../Core/Src/main.cpp:596:6:void HAL_UARTEx_RxEventCallback(UART_HandleTypeDef*, uint16_t)	16	static
../Core/Src/main.cpp:600:6:void HAL_UART_TxCpltCallback(UART_HandleTypeDef*)	16	static
../Core/Src/main.cpp:615:6:void Error_Handler()	4	static,ignoring_inline_asm
../Core/Src/main.cpp:624:1:void __static_initialization_and_destruction_0(int, int)	40	static
../Core/Src/main.cpp:624:1:cpp)	8	static
../Core/Src/main.cpp:624:1:cpp)	8	static
