../Core/Src/stm32f1xx_it.c:81:6:NMI_Handler	4	static
../Core/Src/stm32f1xx_it.c:96:6:HardFault_Handler	4	static
../Core/Src/stm32f1xx_it.c:111:6:MemManage_Handler	4	static
../Core/Src/stm32f1xx_it.c:126:6:BusFault_Handler	4	static
../Core/Src/stm32f1xx_it.c:141:6:UsageFault_Handler	4	static
../Core/Src/stm32f1xx_it.c:156:6:SVC_Handler	4	static
../Core/Src/stm32f1xx_it.c:169:6:DebugMon_Handler	4	static
../Core/Src/stm32f1xx_it.c:182:6:PendSV_Handler	4	static
../Core/Src/stm32f1xx_it.c:195:6:SysTick_Handler	8	static
../Core/Src/stm32f1xx_it.c:216:6:RTC_IRQHandler	8	static
../Core/Src/stm32f1xx_it.c:230:6:DMA1_Channel2_IRQHandler	8	static
../Core/Src/stm32f1xx_it.c:244:6:DMA1_Channel3_IRQHandler	8	static
../Core/Src/stm32f1xx_it.c:258:6:DMA1_Channel4_IRQHandler	8	static
../Core/Src/stm32f1xx_it.c:272:6:DMA1_Channel5_IRQHandler	8	static
../Core/Src/stm32f1xx_it.c:286:6:DMA1_Channel6_IRQHandler	8	static
../Core/Src/stm32f1xx_it.c:300:6:DMA1_Channel7_IRQHandler	8	static
../Core/Src/stm32f1xx_it.c:314:6:ADC1_2_IRQHandler	8	static
../Core/Src/stm32f1xx_it.c:328:6:SPI1_IRQHandler	8	static
../Core/Src/stm32f1xx_it.c:342:6:USART1_IRQHandler	8	static
../Core/Src/stm32f1xx_it.c:356:6:USART2_IRQHandler	8	static
../Core/Src/stm32f1xx_it.c:373:6:RTC_Alarm_IRQHandler	8	static
